<html>
<body>
<pre>
<h1>µVision Build Log</h1>
<h2>Project:</h2>
C:\Users\jakub\Desktop\PPSW2\Current\AUTOMATY.uvproj
Project File Date:  05/03/2022

<h2>Output:</h2>
Rebuild target 'Target 1'
assembling Startup.s...
compiling keyboard.c...
keyboard.h(3): warning:  #1295-D: Deprecated declaration eKeyboardRead - give arg types
keyboard.h(4): warning:  #1-D: last line of file ends without a newline
keyboard.h(4): warning:  #1295-D: Deprecated declaration KeyboardInit - give arg types
keyboard.c(25): warning:  #1-D: last line of file ends without a newline
compiling led.c...
led.h(3): warning:  #1295-D: Deprecated declaration LedInit - give arg types
led.h(5): warning:  #1-D: last line of file ends without a newline
led.c(57): warning:  #1-D: last line of file ends without a newline
compiling main.c...
led.h(3): warning:  #1295-D: Deprecated declaration LedInit - give arg types
led.h(5): warning:  #1-D: last line of file ends without a newline
keyboard.h(3): warning:  #1295-D: Deprecated declaration eKeyboardRead - give arg types
keyboard.h(4): warning:  #1-D: last line of file ends without a newline
keyboard.h(4): warning:  #1295-D: Deprecated declaration KeyboardInit - give arg types
linking...
Program Size: Code=1036 RO-data=32 RW-data=12 ZI-data=1260  
".\AUTOMATY.axf" - 0 Errors, 12 Warning(s).
Rebuild target 'Target 1'
assembling Startup.s...
compiling keyboard.c...
keyboard.h(3): warning:  #1295-D: Deprecated declaration eKeyboardRead - give arg types
keyboard.h(4): warning:  #1-D: last line of file ends without a newline
keyboard.h(4): warning:  #1295-D: Deprecated declaration KeyboardInit - give arg types
keyboard.c(25): warning:  #1-D: last line of file ends without a newline
compiling led.c...
led.h(3): warning:  #1295-D: Deprecated declaration LedInit - give arg types
led.h(5): warning:  #1-D: last line of file ends without a newline
led.c(57): warning:  #1-D: last line of file ends without a newline
compiling main.c...
led.h(3): warning:  #1295-D: Deprecated declaration LedInit - give arg types
led.h(5): warning:  #1-D: last line of file ends without a newline
keyboard.h(3): warning:  #1295-D: Deprecated declaration eKeyboardRead - give arg types
keyboard.h(4): warning:  #1-D: last line of file ends without a newline
keyboard.h(4): warning:  #1295-D: Deprecated declaration KeyboardInit - give arg types
linking...
Program Size: Code=1036 RO-data=32 RW-data=12 ZI-data=1260  
".\AUTOMATY.axf" - 0 Errors, 12 Warning(s).
Rebuild target 'Target 1'
assembling Startup.s...
compiling keyboard.c...
keyboard.h(3): warning:  #1295-D: Deprecated declaration eKeyboardRead - give arg types
keyboard.h(4): warning:  #1-D: last line of file ends without a newline
keyboard.h(4): warning:  #1295-D: Deprecated declaration KeyboardInit - give arg types
keyboard.c(25): warning:  #1-D: last line of file ends without a newline
compiling led.c...
led.h(3): warning:  #1295-D: Deprecated declaration LedInit - give arg types
led.h(5): warning:  #1-D: last line of file ends without a newline
led.c(57): warning:  #1-D: last line of file ends without a newline
compiling main.c...
led.h(3): warning:  #1295-D: Deprecated declaration LedInit - give arg types
led.h(5): warning:  #1-D: last line of file ends without a newline
keyboard.h(3): warning:  #1295-D: Deprecated declaration eKeyboardRead - give arg types
keyboard.h(4): warning:  #1-D: last line of file ends without a newline
keyboard.h(4): warning:  #1295-D: Deprecated declaration KeyboardInit - give arg types
linking...
Program Size: Code=1036 RO-data=32 RW-data=12 ZI-data=1260  
".\AUTOMATY.axf" - 0 Errors, 12 Warning(s).
