<html>
<body>
<pre>
<h1>µVision Build Log</h1>
<h2>Project:</h2>
C:\Users\jakub\Desktop\PPSW2\Current\Moduly.uvproj
Project File Date:  05/04/2022

<h2>Output:</h2>
Rebuild target 'Target 1'
assembling Startup.s...
compiling keyboard.c...
keyboard.h(3): warning:  #1295-D: Deprecated declaration eKeyboardRead - give arg types
keyboard.h(4): warning:  #1-D: last line of file ends without a newline
keyboard.h(4): warning:  #1295-D: Deprecated declaration KeyboardInit - give arg types
keyboard.c(25): warning:  #1-D: last line of file ends without a newline
compiling led.c...
led.h(3): warning:  #1295-D: Deprecated declaration LedInit - give arg types
led.h(5): warning:  #1-D: last line of file ends without a newline
led.c(56): warning:  #1-D: last line of file ends without a newline
compiling main.c...
led.h(3): warning:  #1295-D: Deprecated declaration LedInit - give arg types
led.h(5): warning:  #1-D: last line of file ends without a newline
keyboard.h(3): warning:  #1295-D: Deprecated declaration eKeyboardRead - give arg types
keyboard.h(4): warning:  #1-D: last line of file ends without a newline
keyboard.h(4): warning:  #1295-D: Deprecated declaration KeyboardInit - give arg types
main.c(71): warning:  #223-D: function "LedOn" declared implicitly
linking...
Program Size: Code=1076 RO-data=32 RW-data=4 ZI-data=1260  
".\Moduly.axf" - 0 Errors, 13 Warning(s).
Rebuild target 'Target 1'
assembling Startup.s...
compiling keyboard.c...
keyboard.h(3): warning:  #1295-D: Deprecated declaration eKeyboardRead - give arg types
keyboard.h(4): warning:  #1-D: last line of file ends without a newline
keyboard.h(4): warning:  #1295-D: Deprecated declaration KeyboardInit - give arg types
keyboard.c(25): warning:  #1-D: last line of file ends without a newline
compiling led.c...
led.h(3): warning:  #1295-D: Deprecated declaration LedInit - give arg types
led.h(5): warning:  #1-D: last line of file ends without a newline
led.c(56): warning:  #1-D: last line of file ends without a newline
compiling main.c...
led.h(3): warning:  #1295-D: Deprecated declaration LedInit - give arg types
led.h(5): warning:  #1-D: last line of file ends without a newline
keyboard.h(3): warning:  #1295-D: Deprecated declaration eKeyboardRead - give arg types
keyboard.h(4): warning:  #1-D: last line of file ends without a newline
keyboard.h(4): warning:  #1295-D: Deprecated declaration KeyboardInit - give arg types
main.c(71): warning:  #223-D: function "LedOn" declared implicitly
linking...
Program Size: Code=960 RO-data=32 RW-data=4 ZI-data=1260  
".\Moduly.axf" - 0 Errors, 13 Warning(s).
compiling main.c...
led.h(3): warning:  #1295-D: Deprecated declaration LedInit - give arg types
led.h(5): warning:  #1-D: last line of file ends without a newline
keyboard.h(3): warning:  #1295-D: Deprecated declaration eKeyboardRead - give arg types
keyboard.h(4): warning:  #1-D: last line of file ends without a newline
keyboard.h(4): warning:  #1295-D: Deprecated declaration KeyboardInit - give arg types
main.c(14): error:  #20: identifier "IO1SET" is undefined
main.c(17): error:  #20: identifier "IO0DIR" is undefined
main.c(17): error:  #20: identifier "BUT0_bm" is undefined
main.c(18): error:  #20: identifier "IO0SET" is undefined
main.c(69): warning:  #223-D: function "LedOn" declared implicitly
main.c(70): error:  #20: identifier "IO0CLR" is undefined
"main.c" - 5 Errors, 6 Warning(s).
Rebuild target 'Target 1'
assembling Startup.s...
compiling keyboard.c...
keyboard.h(3): warning:  #1295-D: Deprecated declaration eKeyboardRead - give arg types
keyboard.h(4): warning:  #1-D: last line of file ends without a newline
keyboard.h(4): warning:  #1295-D: Deprecated declaration KeyboardInit - give arg types
keyboard.c(25): warning:  #1-D: last line of file ends without a newline
compiling led.c...
led.h(3): warning:  #1295-D: Deprecated declaration LedInit - give arg types
led.h(5): warning:  #1-D: last line of file ends without a newline
led.c(56): warning:  #1-D: last line of file ends without a newline
compiling main.c...
led.h(3): warning:  #1295-D: Deprecated declaration LedInit - give arg types
led.h(5): warning:  #1-D: last line of file ends without a newline
keyboard.h(3): warning:  #1295-D: Deprecated declaration eKeyboardRead - give arg types
keyboard.h(4): warning:  #1-D: last line of file ends without a newline
keyboard.h(4): warning:  #1295-D: Deprecated declaration KeyboardInit - give arg types
main.c(14): error:  #20: identifier "IO1SET" is undefined
main.c(17): error:  #20: identifier "IO0DIR" is undefined
main.c(17): error:  #20: identifier "BUT0_bm" is undefined
main.c(18): error:  #20: identifier "IO0SET" is undefined
main.c(69): warning:  #223-D: function "LedOn" declared implicitly
main.c(70): error:  #20: identifier "IO0CLR" is undefined
".\Moduly.axf" - 5 Errors, 13 Warning(s).
Target not created
