<html>
<body>
<pre>
<h1>µVision Build Log</h1>
<h2>Project:</h2>
C:\Users\jakub\Desktop\PPSW2\Current\PRZERWANIA.uvproj
Project File Date:  05/12/2022

<h2>Output:</h2>
Rebuild target 'Target 1'
assembling Startup.s...
compiling keyboard.c...
keyboard.h(3): warning:  #1295-D: Deprecated declaration eKeyboardRead - give arg types
keyboard.h(4): warning:  #1-D: last line of file ends without a newline
keyboard.h(4): warning:  #1295-D: Deprecated declaration KeyboardInit - give arg types
keyboard.c(25): warning:  #1-D: last line of file ends without a newline
compiling led.c...
led.h(3): warning:  #1295-D: Deprecated declaration LedInit - give arg types
led.h(5): warning:  #1-D: last line of file ends without a newline
led.c(59): warning:  #1-D: last line of file ends without a newline
compiling main.c...
led.h(3): warning:  #1295-D: Deprecated declaration LedInit - give arg types
led.h(5): warning:  #1-D: last line of file ends without a newline
keyboard.h(3): warning:  #1295-D: Deprecated declaration eKeyboardRead - give arg types
keyboard.h(4): warning:  #1-D: last line of file ends without a newline
keyboard.h(4): warning:  #1295-D: Deprecated declaration KeyboardInit - give arg types
timer_interrupts.h(1): warning:  #1295-D: Deprecated declaration Timer1IRQHandler - give arg types
timer_interrupts.h(2): warning:  #1-D: last line of file ends without a newline
main.c(43): warning:  #223-D: function "eReadDetector" declared implicitly
main.c(65): error:  #159: declaration is incompatible with previous "eReadDetector" (declared at line 43)
main.c(100): warning:  #1-D: last line of file ends without a newline
main.c(76): warning:  #177-D: variable "iMainLoopCtr" was declared but never referenced
compiling timer.c...
timer.h(4): warning:  #1-D: last line of file ends without a newline
timer.c(33): warning:  #1-D: last line of file ends without a newline
compiling timer_interrupts.c...
led.h(3): warning:  #1295-D: Deprecated declaration LedInit - give arg types
led.h(5): warning:  #1-D: last line of file ends without a newline
timer_interrupts.h(1): warning:  #1295-D: Deprecated declaration Timer1IRQHandler - give arg types
timer_interrupts.h(2): warning:  #1-D: last line of file ends without a newline
timer_interrupts.c(52): warning:  #1-D: last line of file ends without a newline
".\PRZERWANIA.axf" - 1 Errors, 24 Warning(s).
Target not created
Rebuild target 'Target 1'
assembling Startup.s...
compiling keyboard.c...
keyboard.h(3): warning:  #1295-D: Deprecated declaration eKeyboardRead - give arg types
keyboard.h(4): warning:  #1-D: last line of file ends without a newline
keyboard.h(4): warning:  #1295-D: Deprecated declaration KeyboardInit - give arg types
keyboard.c(25): warning:  #1-D: last line of file ends without a newline
compiling led.c...
led.h(3): warning:  #1295-D: Deprecated declaration LedInit - give arg types
led.h(5): warning:  #1-D: last line of file ends without a newline
led.c(59): warning:  #1-D: last line of file ends without a newline
compiling main.c...
led.h(3): warning:  #1295-D: Deprecated declaration LedInit - give arg types
led.h(5): warning:  #1-D: last line of file ends without a newline
keyboard.h(3): warning:  #1295-D: Deprecated declaration eKeyboardRead - give arg types
keyboard.h(4): warning:  #1-D: last line of file ends without a newline
keyboard.h(4): warning:  #1295-D: Deprecated declaration KeyboardInit - give arg types
timer_interrupts.h(1): warning:  #1295-D: Deprecated declaration Timer1IRQHandler - give arg types
timer_interrupts.h(2): warning:  #1-D: last line of file ends without a newline
servo.h(13): warning:  #1-D: last line of file ends without a newline
main.c(41): warning:  #1-D: last line of file ends without a newline
main.c(15): warning:  #177-D: variable "iMainLoopCtr" was declared but never referenced
compiling timer.c...
timer.h(4): warning:  #1-D: last line of file ends without a newline
timer.c(33): warning:  #1-D: last line of file ends without a newline
compiling timer_interrupts.c...
led.h(3): warning:  #1295-D: Deprecated declaration LedInit - give arg types
led.h(5): warning:  #1-D: last line of file ends without a newline
timer_interrupts.h(1): warning:  #1295-D: Deprecated declaration Timer1IRQHandler - give arg types
timer_interrupts.h(2): warning:  #1-D: last line of file ends without a newline
timer_interrupts.c(52): warning:  #1-D: last line of file ends without a newline
compiling servo.c...
servo.h(13): warning:  #1-D: last line of file ends without a newline
led.h(3): warning:  #1295-D: Deprecated declaration LedInit - give arg types
led.h(5): warning:  #1-D: last line of file ends without a newline
servo.c(62): warning:  #223-D: function "Timer1Interrupts_Init" declared implicitly
servo.c(71): warning:  #1-D: last line of file ends without a newline
linking...
Program Size: Code=2044 RO-data=32 RW-data=8 ZI-data=1272  
".\PRZERWANIA.axf" - 0 Errors, 29 Warning(s).
Rebuild target 'Target 1'
assembling Startup.s...
compiling keyboard.c...
keyboard.h(4): warning:  #1-D: last line of file ends without a newline
keyboard.c(25): warning:  #1-D: last line of file ends without a newline
compiling led.c...
led.h(3): warning:  #1295-D: Deprecated declaration LedInit - give arg types
led.h(5): warning:  #1-D: last line of file ends without a newline
led.c(59): warning:  #1-D: last line of file ends without a newline
compiling main.c...
led.h(3): warning:  #1295-D: Deprecated declaration LedInit - give arg types
led.h(5): warning:  #1-D: last line of file ends without a newline
keyboard.h(4): warning:  #1-D: last line of file ends without a newline
timer_interrupts.h(1): warning:  #1295-D: Deprecated declaration Timer1IRQHandler - give arg types
timer_interrupts.h(2): warning:  #1-D: last line of file ends without a newline
servo.h(13): warning:  #1-D: last line of file ends without a newline
main.c(34): warning:  #1-D: last line of file ends without a newline
main.c(8): warning:  #177-D: variable "iMainLoopCtr" was declared but never referenced
compiling timer.c...
timer.h(4): warning:  #1-D: last line of file ends without a newline
timer.c(33): warning:  #1-D: last line of file ends without a newline
compiling timer_interrupts.c...
led.h(3): warning:  #1295-D: Deprecated declaration LedInit - give arg types
led.h(5): warning:  #1-D: last line of file ends without a newline
timer_interrupts.h(1): warning:  #1295-D: Deprecated declaration Timer1IRQHandler - give arg types
timer_interrupts.h(2): warning:  #1-D: last line of file ends without a newline
timer_interrupts.c(52): warning:  #1-D: last line of file ends without a newline
compiling servo.c...
servo.h(13): warning:  #1-D: last line of file ends without a newline
led.h(3): warning:  #1295-D: Deprecated declaration LedInit - give arg types
led.h(5): warning:  #1-D: last line of file ends without a newline
servo.c(62): warning:  #223-D: function "Timer1Interrupts_Init" declared implicitly
servo.c(71): warning:  #1-D: last line of file ends without a newline
linking...
Program Size: Code=2044 RO-data=32 RW-data=8 ZI-data=1272  
".\PRZERWANIA.axf" - 0 Errors, 25 Warning(s).
Rebuild target 'Target 1'
assembling Startup.s...
compiling keyboard.c...
keyboard.h(4): warning:  #1-D: last line of file ends without a newline
keyboard.c(25): warning:  #1-D: last line of file ends without a newline
compiling led.c...
led.h(5): warning:  #1-D: last line of file ends without a newline
led.c(59): warning:  #1-D: last line of file ends without a newline
compiling main.c...
led.h(5): warning:  #1-D: last line of file ends without a newline
keyboard.h(4): warning:  #1-D: last line of file ends without a newline
timer_interrupts.h(1): warning:  #1295-D: Deprecated declaration Timer1IRQHandler - give arg types
timer_interrupts.h(2): warning:  #1-D: last line of file ends without a newline
servo.h(13): warning:  #1-D: last line of file ends without a newline
main.c(34): warning:  #1-D: last line of file ends without a newline
main.c(8): warning:  #177-D: variable "iMainLoopCtr" was declared but never referenced
compiling timer.c...
timer.h(4): warning:  #1-D: last line of file ends without a newline
timer.c(33): warning:  #1-D: last line of file ends without a newline
compiling timer_interrupts.c...
led.h(5): warning:  #1-D: last line of file ends without a newline
timer_interrupts.h(1): warning:  #1295-D: Deprecated declaration Timer1IRQHandler - give arg types
timer_interrupts.h(2): warning:  #1-D: last line of file ends without a newline
timer_interrupts.c(52): warning:  #1-D: last line of file ends without a newline
compiling servo.c...
servo.h(13): warning:  #1-D: last line of file ends without a newline
led.h(5): warning:  #1-D: last line of file ends without a newline
servo.c(62): warning:  #223-D: function "Timer1Interrupts_Init" declared implicitly
servo.c(71): warning:  #1-D: last line of file ends without a newline
linking...
Program Size: Code=2044 RO-data=32 RW-data=8 ZI-data=1272  
".\PRZERWANIA.axf" - 0 Errors, 21 Warning(s).
Rebuild target 'Target 1'
assembling Startup.s...
compiling keyboard.c...
keyboard.h(4): warning:  #1-D: last line of file ends without a newline
keyboard.c(25): warning:  #1-D: last line of file ends without a newline
compiling led.c...
led.h(5): warning:  #1-D: last line of file ends without a newline
led.c(59): warning:  #1-D: last line of file ends without a newline
compiling main.c...
led.h(5): warning:  #1-D: last line of file ends without a newline
keyboard.h(4): warning:  #1-D: last line of file ends without a newline
timer_interrupts.h(2): warning:  #1-D: last line of file ends without a newline
servo.h(13): warning:  #1-D: last line of file ends without a newline
main.c(34): warning:  #1-D: last line of file ends without a newline
main.c(8): warning:  #177-D: variable "iMainLoopCtr" was declared but never referenced
compiling timer.c...
timer.h(4): warning:  #1-D: last line of file ends without a newline
timer.c(33): warning:  #1-D: last line of file ends without a newline
compiling timer_interrupts.c...
led.h(5): warning:  #1-D: last line of file ends without a newline
timer_interrupts.h(2): warning:  #1-D: last line of file ends without a newline
timer_interrupts.c(52): warning:  #1-D: last line of file ends without a newline
compiling servo.c...
servo.h(13): warning:  #1-D: last line of file ends without a newline
led.h(5): warning:  #1-D: last line of file ends without a newline
servo.c(62): warning:  #223-D: function "Timer1Interrupts_Init" declared implicitly
servo.c(71): warning:  #1-D: last line of file ends without a newline
linking...
Program Size: Code=2044 RO-data=32 RW-data=8 ZI-data=1272  
".\PRZERWANIA.axf" - 0 Errors, 19 Warning(s).
Rebuild target 'Target 1'
assembling Startup.s...
compiling keyboard.c...
keyboard.h(4): warning:  #1-D: last line of file ends without a newline
keyboard.c(25): warning:  #1-D: last line of file ends without a newline
compiling led.c...
led.h(5): warning:  #1-D: last line of file ends without a newline
led.c(59): warning:  #1-D: last line of file ends without a newline
compiling main.c...
led.h(5): warning:  #1-D: last line of file ends without a newline
keyboard.h(4): warning:  #1-D: last line of file ends without a newline
timer_interrupts.h(2): warning:  #1-D: last line of file ends without a newline
servo.h(13): warning:  #1-D: last line of file ends without a newline
main.c(34): warning:  #1-D: last line of file ends without a newline
main.c(8): warning:  #177-D: variable "iMainLoopCtr" was declared but never referenced
compiling timer.c...
timer.h(4): warning:  #1-D: last line of file ends without a newline
timer.c(33): warning:  #1-D: last line of file ends without a newline
compiling timer_interrupts.c...
led.h(5): warning:  #1-D: last line of file ends without a newline
timer_interrupts.h(2): warning:  #1-D: last line of file ends without a newline
timer_interrupts.c(52): warning:  #1-D: last line of file ends without a newline
compiling servo.c...
servo.h(13): warning:  #1-D: last line of file ends without a newline
led.h(5): warning:  #1-D: last line of file ends without a newline
servo.c(62): warning:  #223-D: function "Timer1Interrupts_Init" declared implicitly
servo.c(71): warning:  #1-D: last line of file ends without a newline
linking...
Program Size: Code=2044 RO-data=32 RW-data=8 ZI-data=1272  
".\PRZERWANIA.axf" - 0 Errors, 19 Warning(s).
Rebuild target 'Target 1'
assembling Startup.s...
compiling keyboard.c...
keyboard.h(4): warning:  #1-D: last line of file ends without a newline
keyboard.c(25): warning:  #1-D: last line of file ends without a newline
compiling led.c...
led.h(5): warning:  #1-D: last line of file ends without a newline
led.c(59): warning:  #1-D: last line of file ends without a newline
compiling main.c...
led.h(5): warning:  #1-D: last line of file ends without a newline
keyboard.h(4): warning:  #1-D: last line of file ends without a newline
timer_interrupts.h(2): warning:  #1-D: last line of file ends without a newline
servo.h(13): warning:  #1-D: last line of file ends without a newline
main.c(34): warning:  #1-D: last line of file ends without a newline
main.c(8): warning:  #177-D: variable "iMainLoopCtr" was declared but never referenced
compiling timer.c...
timer.h(4): warning:  #1-D: last line of file ends without a newline
timer.c(33): warning:  #1-D: last line of file ends without a newline
compiling timer_interrupts.c...
led.h(5): warning:  #1-D: last line of file ends without a newline
timer_interrupts.h(2): warning:  #1-D: last line of file ends without a newline
timer_interrupts.c(52): warning:  #1-D: last line of file ends without a newline
compiling servo.c...
servo.h(13): warning:  #1-D: last line of file ends without a newline
led.h(5): warning:  #1-D: last line of file ends without a newline
timer.h(4): warning:  #1-D: last line of file ends without a newline
servo.c(63): warning:  #223-D: function "Timer1Interrupts_Init" declared implicitly
servo.c(72): warning:  #1-D: last line of file ends without a newline
linking...
Program Size: Code=2044 RO-data=32 RW-data=8 ZI-data=1272  
".\PRZERWANIA.axf" - 0 Errors, 20 Warning(s).
Rebuild target 'Target 1'
assembling Startup.s...
compiling keyboard.c...
keyboard.h(4): warning:  #1-D: last line of file ends without a newline
keyboard.c(25): warning:  #1-D: last line of file ends without a newline
compiling led.c...
led.h(5): warning:  #1-D: last line of file ends without a newline
led.c(59): warning:  #1-D: last line of file ends without a newline
compiling main.c...
led.h(5): warning:  #1-D: last line of file ends without a newline
keyboard.h(4): warning:  #1-D: last line of file ends without a newline
timer_interrupts.h(2): warning:  #1-D: last line of file ends without a newline
servo.h(13): warning:  #1-D: last line of file ends without a newline
main.c(34): warning:  #1-D: last line of file ends without a newline
main.c(8): warning:  #177-D: variable "iMainLoopCtr" was declared but never referenced
compiling timer.c...
timer.h(4): warning:  #1-D: last line of file ends without a newline
timer.c(33): warning:  #1-D: last line of file ends without a newline
compiling timer_interrupts.c...
led.h(5): warning:  #1-D: last line of file ends without a newline
timer_interrupts.h(2): warning:  #1-D: last line of file ends without a newline
timer_interrupts.c(52): warning:  #1-D: last line of file ends without a newline
compiling servo.c...
servo.h(13): warning:  #1-D: last line of file ends without a newline
led.h(5): warning:  #1-D: last line of file ends without a newline
timer_interrupts.h(2): warning:  #1-D: last line of file ends without a newline
servo.c(72): warning:  #1-D: last line of file ends without a newline
linking...
Program Size: Code=2044 RO-data=32 RW-data=8 ZI-data=1272  
".\PRZERWANIA.axf" - 0 Errors, 19 Warning(s).
Rebuild target 'Target 1'
assembling Startup.s...
compiling keyboard.c...
keyboard.h(4): warning:  #1-D: last line of file ends without a newline
keyboard.c(25): warning:  #1-D: last line of file ends without a newline
compiling led.c...
led.h(5): warning:  #1-D: last line of file ends without a newline
led.c(59): warning:  #1-D: last line of file ends without a newline
compiling main.c...
led.h(5): warning:  #1-D: last line of file ends without a newline
keyboard.h(4): warning:  #1-D: last line of file ends without a newline
timer_interrupts.h(2): warning:  #1-D: last line of file ends without a newline
servo.h(13): warning:  #1-D: last line of file ends without a newline
main.c(34): warning:  #1-D: last line of file ends without a newline
compiling timer.c...
timer.h(4): warning:  #1-D: last line of file ends without a newline
timer.c(33): warning:  #1-D: last line of file ends without a newline
compiling timer_interrupts.c...
led.h(5): warning:  #1-D: last line of file ends without a newline
timer_interrupts.h(2): warning:  #1-D: last line of file ends without a newline
timer_interrupts.c(52): warning:  #1-D: last line of file ends without a newline
compiling servo.c...
servo.h(13): warning:  #1-D: last line of file ends without a newline
led.h(5): warning:  #1-D: last line of file ends without a newline
timer_interrupts.h(2): warning:  #1-D: last line of file ends without a newline
servo.c(72): warning:  #1-D: last line of file ends without a newline
linking...
Program Size: Code=2044 RO-data=32 RW-data=8 ZI-data=1272  
".\PRZERWANIA.axf" - 0 Errors, 18 Warning(s).
