<html>
<body>
<pre>
<h1>µVision Build Log</h1>
<h2>Project:</h2>
C:\Users\jakub\Desktop\PPSW2\Current\TIMER.uvproj
Project File Date:  05/06/2022

<h2>Output:</h2>
Rebuild target 'Target 1'
assembling Startup.s...
compiling keyboard.c...
..\Archive\6_AUTOMATY\keyboard.h(3): warning:  #1295-D: Deprecated declaration eKeyboardRead - give arg types
..\Archive\6_AUTOMATY\keyboard.h(4): warning:  #1-D: last line of file ends without a newline
..\Archive\6_AUTOMATY\keyboard.h(4): warning:  #1295-D: Deprecated declaration KeyboardInit - give arg types
..\Archive\6_AUTOMATY\keyboard.c(25): warning:  #1-D: last line of file ends without a newline
compiling led.c...
..\Archive\6_AUTOMATY\led.h(3): warning:  #1295-D: Deprecated declaration LedInit - give arg types
..\Archive\6_AUTOMATY\led.h(5): warning:  #1-D: last line of file ends without a newline
..\Archive\6_AUTOMATY\led.c(57): warning:  #1-D: last line of file ends without a newline
compiling main.c...
..\Archive\6_AUTOMATY\led.h(3): warning:  #1295-D: Deprecated declaration LedInit - give arg types
..\Archive\6_AUTOMATY\led.h(5): warning:  #1-D: last line of file ends without a newline
..\Archive\6_AUTOMATY\keyboard.h(3): warning:  #1295-D: Deprecated declaration eKeyboardRead - give arg types
..\Archive\6_AUTOMATY\keyboard.h(4): warning:  #1-D: last line of file ends without a newline
..\Archive\6_AUTOMATY\keyboard.h(4): warning:  #1295-D: Deprecated declaration KeyboardInit - give arg types
..\Archive\6_AUTOMATY\main.c(27): warning:  #223-D: function "InitTimer0" declared implicitly
..\Archive\6_AUTOMATY\main.c(28): warning:  #223-D: function "InitTimer0Match0" declared implicitly
..\Archive\6_AUTOMATY\main.c(29): warning:  #223-D: function "WaitOnTimer0Match0" declared implicitly
compiling timer.c...
timer.h(4): warning:  #1-D: last line of file ends without a newline
timer.c(33): warning:  #1-D: last line of file ends without a newline
linking...
Program Size: Code=756 RO-data=32 RW-data=8 ZI-data=1256  
".\TIMER.axf" - 0 Errors, 17 Warning(s).
Rebuild target 'Target 1'
assembling Startup.s...
compiling keyboard.c...
..\Archive\6_AUTOMATY\keyboard.h(3): warning:  #1295-D: Deprecated declaration eKeyboardRead - give arg types
..\Archive\6_AUTOMATY\keyboard.h(4): warning:  #1-D: last line of file ends without a newline
..\Archive\6_AUTOMATY\keyboard.h(4): warning:  #1295-D: Deprecated declaration KeyboardInit - give arg types
..\Archive\6_AUTOMATY\keyboard.c(25): warning:  #1-D: last line of file ends without a newline
compiling led.c...
..\Archive\6_AUTOMATY\led.h(3): warning:  #1295-D: Deprecated declaration LedInit - give arg types
..\Archive\6_AUTOMATY\led.h(5): warning:  #1-D: last line of file ends without a newline
..\Archive\6_AUTOMATY\led.c(57): warning:  #1-D: last line of file ends without a newline
compiling main.c...
..\Archive\6_AUTOMATY\led.h(3): warning:  #1295-D: Deprecated declaration LedInit - give arg types
..\Archive\6_AUTOMATY\led.h(5): warning:  #1-D: last line of file ends without a newline
..\Archive\6_AUTOMATY\keyboard.h(3): warning:  #1295-D: Deprecated declaration eKeyboardRead - give arg types
..\Archive\6_AUTOMATY\keyboard.h(4): warning:  #1-D: last line of file ends without a newline
..\Archive\6_AUTOMATY\keyboard.h(4): warning:  #1295-D: Deprecated declaration KeyboardInit - give arg types
..\Archive\6_AUTOMATY\main.c(27): warning:  #223-D: function "InitTimer0Match0" declared implicitly
..\Archive\6_AUTOMATY\main.c(28): warning:  #223-D: function "WaitOnTimer0Match0" declared implicitly
compiling timer.c...
timer.h(4): warning:  #1-D: last line of file ends without a newline
timer.c(33): warning:  #1-D: last line of file ends without a newline
linking...
Program Size: Code=752 RO-data=32 RW-data=8 ZI-data=1256  
".\TIMER.axf" - 0 Errors, 16 Warning(s).
Rebuild target 'Target 1'
assembling Startup.s...
compiling keyboard.c...
..\Archive\6_AUTOMATY\keyboard.h(3): warning:  #1295-D: Deprecated declaration eKeyboardRead - give arg types
..\Archive\6_AUTOMATY\keyboard.h(4): warning:  #1-D: last line of file ends without a newline
..\Archive\6_AUTOMATY\keyboard.h(4): warning:  #1295-D: Deprecated declaration KeyboardInit - give arg types
..\Archive\6_AUTOMATY\keyboard.c(25): warning:  #1-D: last line of file ends without a newline
compiling led.c...
..\Archive\6_AUTOMATY\led.h(3): warning:  #1295-D: Deprecated declaration LedInit - give arg types
..\Archive\6_AUTOMATY\led.h(5): warning:  #1-D: last line of file ends without a newline
..\Archive\6_AUTOMATY\led.c(57): warning:  #1-D: last line of file ends without a newline
compiling main.c...
..\Archive\6_AUTOMATY\led.h(3): warning:  #1295-D: Deprecated declaration LedInit - give arg types
..\Archive\6_AUTOMATY\led.h(5): warning:  #1-D: last line of file ends without a newline
..\Archive\6_AUTOMATY\keyboard.h(3): warning:  #1295-D: Deprecated declaration eKeyboardRead - give arg types
..\Archive\6_AUTOMATY\keyboard.h(4): warning:  #1-D: last line of file ends without a newline
..\Archive\6_AUTOMATY\keyboard.h(4): warning:  #1295-D: Deprecated declaration KeyboardInit - give arg types
..\Archive\6_AUTOMATY\main.c(27): warning:  #223-D: function "InitTimer0Match0" declared implicitly
..\Archive\6_AUTOMATY\main.c(28): warning:  #223-D: function "WaitOnTimer0Match0" declared implicitly
compiling timer.c...
timer.h(4): warning:  #1-D: last line of file ends without a newline
timer.c(33): warning:  #1-D: last line of file ends without a newline
linking...
Program Size: Code=748 RO-data=32 RW-data=8 ZI-data=1256  
".\TIMER.axf" - 0 Errors, 16 Warning(s).
Rebuild target 'Target 1'
assembling Startup.s...
compiling keyboard.c...
..\Archive\6_AUTOMATY\keyboard.h(3): warning:  #1295-D: Deprecated declaration eKeyboardRead - give arg types
..\Archive\6_AUTOMATY\keyboard.h(4): warning:  #1-D: last line of file ends without a newline
..\Archive\6_AUTOMATY\keyboard.h(4): warning:  #1295-D: Deprecated declaration KeyboardInit - give arg types
..\Archive\6_AUTOMATY\keyboard.c(25): warning:  #1-D: last line of file ends without a newline
compiling led.c...
..\Archive\6_AUTOMATY\led.h(3): warning:  #1295-D: Deprecated declaration LedInit - give arg types
..\Archive\6_AUTOMATY\led.h(5): warning:  #1-D: last line of file ends without a newline
..\Archive\6_AUTOMATY\led.c(57): warning:  #1-D: last line of file ends without a newline
compiling main.c...
..\Archive\6_AUTOMATY\led.h(3): warning:  #1295-D: Deprecated declaration LedInit - give arg types
..\Archive\6_AUTOMATY\led.h(5): warning:  #1-D: last line of file ends without a newline
..\Archive\6_AUTOMATY\keyboard.h(3): warning:  #1295-D: Deprecated declaration eKeyboardRead - give arg types
..\Archive\6_AUTOMATY\keyboard.h(4): warning:  #1-D: last line of file ends without a newline
..\Archive\6_AUTOMATY\keyboard.h(4): warning:  #1295-D: Deprecated declaration KeyboardInit - give arg types
..\Archive\6_AUTOMATY\main.c(27): warning:  #223-D: function "InitTimer0Match0" declared implicitly
..\Archive\6_AUTOMATY\main.c(28): warning:  #223-D: function "WaitOnTimer0Match0" declared implicitly
compiling timer.c...
timer.h(4): warning:  #1-D: last line of file ends without a newline
timer.c(33): warning:  #1-D: last line of file ends without a newline
linking...
Program Size: Code=748 RO-data=32 RW-data=8 ZI-data=1256  
".\TIMER.axf" - 0 Errors, 16 Warning(s).
Rebuild target 'Target 1'
assembling Startup.s...
compiling keyboard.c...
..\Archive\6_AUTOMATY\keyboard.h(3): warning:  #1295-D: Deprecated declaration eKeyboardRead - give arg types
..\Archive\6_AUTOMATY\keyboard.h(4): warning:  #1-D: last line of file ends without a newline
..\Archive\6_AUTOMATY\keyboard.h(4): warning:  #1295-D: Deprecated declaration KeyboardInit - give arg types
..\Archive\6_AUTOMATY\keyboard.c(25): warning:  #1-D: last line of file ends without a newline
compiling led.c...
..\Archive\6_AUTOMATY\led.h(3): warning:  #1295-D: Deprecated declaration LedInit - give arg types
..\Archive\6_AUTOMATY\led.h(5): warning:  #1-D: last line of file ends without a newline
..\Archive\6_AUTOMATY\led.c(57): warning:  #1-D: last line of file ends without a newline
compiling main.c...
..\Archive\6_AUTOMATY\led.h(3): warning:  #1295-D: Deprecated declaration LedInit - give arg types
..\Archive\6_AUTOMATY\led.h(5): warning:  #1-D: last line of file ends without a newline
..\Archive\6_AUTOMATY\keyboard.h(3): warning:  #1295-D: Deprecated declaration eKeyboardRead - give arg types
..\Archive\6_AUTOMATY\keyboard.h(4): warning:  #1-D: last line of file ends without a newline
..\Archive\6_AUTOMATY\keyboard.h(4): warning:  #1295-D: Deprecated declaration KeyboardInit - give arg types
..\Archive\6_AUTOMATY\main.c(27): warning:  #223-D: function "InitTimer0Match0" declared implicitly
..\Archive\6_AUTOMATY\main.c(28): warning:  #223-D: function "WaitOnTimer0Match0" declared implicitly
compiling timer.c...
timer.h(4): warning:  #1-D: last line of file ends without a newline
timer.c(33): warning:  #1-D: last line of file ends without a newline
linking...
Program Size: Code=748 RO-data=32 RW-data=8 ZI-data=1256  
".\TIMER.axf" - 0 Errors, 16 Warning(s).
