<html>
<body>
<pre>
<h1>µVision Build Log</h1>
<h2>Project:</h2>
C:\Users\jakub\Desktop\PPSW2\Archive\5_MODULY\MODULY.uvproj
Project File Date:  05/31/2022

<h2>Output:</h2>
Rebuild target 'Target 1'
assembling Startup.s...
compiling keyboard.c...
keyboard.h(4): warning:  #1-D: last line of file ends without a newline
keyboard.c(25): warning:  #1-D: last line of file ends without a newline
compiling led.c...
led.h(5): warning:  #1-D: last line of file ends without a newline
led.c(57): warning:  #1-D: last line of file ends without a newline
compiling main.c...
led.h(5): warning:  #1-D: last line of file ends without a newline
keyboard.h(4): warning:  #1-D: last line of file ends without a newline
main.c(33): warning:  #1-D: last line of file ends without a newline
linking...
Program Size: Code=1324 RO-data=32 RW-data=4 ZI-data=1260  
FromELF: creating hex file...
".\MODULY.axf" - 0 Errors, 7 Warning(s).
Rebuild target 'Target 1'
assembling Startup.s...
compiling keyboard.c...
keyboard.h(4): warning:  #1-D: last line of file ends without a newline
keyboard.c(25): warning:  #1-D: last line of file ends without a newline
compiling led.c...
led.h(5): warning:  #1-D: last line of file ends without a newline
led.c(57): warning:  #1-D: last line of file ends without a newline
compiling main.c...
led.h(5): warning:  #1-D: last line of file ends without a newline
keyboard.h(4): warning:  #1-D: last line of file ends without a newline
main.c(33): warning:  #1-D: last line of file ends without a newline
linking...
Program Size: Code=1324 RO-data=32 RW-data=4 ZI-data=1260  
FromELF: creating hex file...
".\MODULY.axf" - 0 Errors, 7 Warning(s).
