<html>
<body>
<pre>
<h1>µVision Build Log</h1>
<h2>Project:</h2>
C:\Users\jakub\Desktop\PPSW2\Current\GPIO.uvproj
Project File Date:  05/03/2022

<h2>Output:</h2>
Rebuild target 'Target 1'
assembling Startup.s...
compiling main.c...
main.c(127): warning:  #140-D: too many arguments in function call
linking...
Program Size: Code=1044 RO-data=32 RW-data=4 ZI-data=1260  
".\GPIO.axf" - 0 Errors, 1 Warning(s).
Rebuild target 'Target 1'
assembling Startup.s...
compiling main.c...
linking...
Program Size: Code=1064 RO-data=32 RW-data=4 ZI-data=1260  
".\GPIO.axf" - 0 Errors, 0 Warning(s).
Rebuild target 'Target 1'
assembling Startup.s...
compiling main.c...
linking...
Program Size: Code=1064 RO-data=32 RW-data=4 ZI-data=1260  
".\GPIO.axf" - 0 Errors, 0 Warning(s).
