<html>
<body>
<pre>
<h1>µVision Build Log</h1>
<h2>Project:</h2>
C:\Users\jakub\Desktop\PPSW2\Archive\4_GPIO\GPIO.uvproj
Project File Date:  05/23/2022

<h2>Output:</h2>
Rebuild target 'Target 1'
assembling Startup.s...
compiling main.c...
main.c(93): warning:  #550-D: variable "iPinCheck" was set but never used
linking...
Program Size: Code=1080 RO-data=32 RW-data=4 ZI-data=1260  
".\GPIO.axf" - 0 Errors, 1 Warning(s).
Rebuild target 'Target 1'
assembling Startup.s...
compiling main.c...
main.c(93): warning:  #550-D: variable "iPinCheck" was set but never used
linking...
Program Size: Code=1080 RO-data=32 RW-data=4 ZI-data=1260  
".\GPIO.axf" - 0 Errors, 1 Warning(s).
Rebuild target 'Target 1'
assembling Startup.s...
compiling main.c...
main.c(93): warning:  #550-D: variable "iPinCheck" was set but never used
linking...
Program Size: Code=1080 RO-data=32 RW-data=4 ZI-data=1260  
".\GPIO.axf" - 0 Errors, 1 Warning(s).
Rebuild target 'Target 1'
assembling Startup.s...
compiling main.c...
linking...
Program Size: Code=1092 RO-data=32 RW-data=8 ZI-data=1256  
".\GPIO.axf" - 0 Errors, 0 Warning(s).
Rebuild target 'Target 1'
assembling Startup.s...
compiling main.c...
linking...
Program Size: Code=1092 RO-data=32 RW-data=8 ZI-data=1256  
".\GPIO.axf" - 0 Errors, 0 Warning(s).
Rebuild target 'Target 1'
assembling Startup.s...
compiling main.c...
linking...
Program Size: Code=1112 RO-data=32 RW-data=8 ZI-data=1256  
".\GPIO.axf" - 0 Errors, 0 Warning(s).
Rebuild target 'Target 1'
assembling Startup.s...
compiling main.c...
linking...
Program Size: Code=1108 RO-data=32 RW-data=8 ZI-data=1256  
".\GPIO.axf" - 0 Errors, 0 Warning(s).
Rebuild target 'Target 1'
assembling Startup.s...
compiling main.c...
linking...
Program Size: Code=1100 RO-data=32 RW-data=8 ZI-data=1256  
".\GPIO.axf" - 0 Errors, 0 Warning(s).
Rebuild target 'Target 1'
assembling Startup.s...
compiling main.c...
linking...
Program Size: Code=1112 RO-data=32 RW-data=8 ZI-data=1256  
".\GPIO.axf" - 0 Errors, 0 Warning(s).
Rebuild target 'Target 1'
assembling Startup.s...
compiling main.c...
linking...
Program Size: Code=1116 RO-data=32 RW-data=8 ZI-data=1256  
".\GPIO.axf" - 0 Errors, 0 Warning(s).
Rebuild target 'Target 1'
assembling Startup.s...
compiling main.c...
linking...
Program Size: Code=1108 RO-data=32 RW-data=8 ZI-data=1256  
".\GPIO.axf" - 0 Errors, 0 Warning(s).
Rebuild target 'Target 1'
assembling Startup.s...
compiling main.c...
linking...
Program Size: Code=1132 RO-data=32 RW-data=8 ZI-data=1256  
".\GPIO.axf" - 0 Errors, 0 Warning(s).
Rebuild target 'Target 1'
assembling Startup.s...
compiling main.c...
linking...
Program Size: Code=1132 RO-data=32 RW-data=8 ZI-data=1256  
".\GPIO.axf" - 0 Errors, 0 Warning(s).
Rebuild target 'Target 1'
assembling Startup.s...
compiling main.c...
linking...
Program Size: Code=1132 RO-data=32 RW-data=8 ZI-data=1256  
".\GPIO.axf" - 0 Errors, 0 Warning(s).
Rebuild target 'Target 1'
assembling Startup.s...
compiling main.c...
linking...
Program Size: Code=1016 RO-data=32 RW-data=8 ZI-data=1256  
".\GPIO.axf" - 0 Errors, 0 Warning(s).
