<html>
<body>
<pre>
<h1>µVision Build Log</h1>
<h2>Project:</h2>
C:\Users\jakub\Desktop\PPSW2\Archive\8_PRZERWANIA\PRZERWANIA.uvproj
Project File Date:  06/01/2022

<h2>Output:</h2>
Rebuild target 'Target 1'
assembling Startup.s...
compiling keyboard.c...
keyboard.h(4): warning:  #1-D: last line of file ends without a newline
keyboard.c(25): warning:  #1-D: last line of file ends without a newline
compiling led.c...
led.h(5): warning:  #1-D: last line of file ends without a newline
led.c(59): warning:  #1-D: last line of file ends without a newline
compiling main.c...
led.h(5): warning:  #1-D: last line of file ends without a newline
keyboard.h(4): warning:  #1-D: last line of file ends without a newline
timer_interrupts.h(2): warning:  #1-D: last line of file ends without a newline
main.c(13): warning:  #223-D: function "ServoInit" declared implicitly
main.c(18): warning:  #1-D: last line of file ends without a newline
main.c(8): warning:  #177-D: variable "iMainLoopCtr" was declared but never referenced
compiling timer.c...
timer.h(4): warning:  #1-D: last line of file ends without a newline
timer.c(35): warning:  #1-D: last line of file ends without a newline
compiling timer_interrupts.c...
led.h(5): warning:  #1-D: last line of file ends without a newline
timer_interrupts.h(2): warning:  #1-D: last line of file ends without a newline
timer_interrupts.c(52): warning:  #1-D: last line of file ends without a newline
linking...
.\PRZERWANIA.axf: Error: L6218E: Undefined symbol ServoInit (referred from main.o).
".\PRZERWANIA.axf" - 1 Errors, 15 Warning(s).
Target not created
Rebuild target 'Target 1'
assembling Startup.s...
compiling keyboard.c...
keyboard.h(4): warning:  #1-D: last line of file ends without a newline
keyboard.c(25): warning:  #1-D: last line of file ends without a newline
compiling led.c...
led.h(5): warning:  #1-D: last line of file ends without a newline
led.c(59): warning:  #1-D: last line of file ends without a newline
compiling main.c...
led.h(5): warning:  #1-D: last line of file ends without a newline
keyboard.h(4): warning:  #1-D: last line of file ends without a newline
timer_interrupts.h(2): warning:  #1-D: last line of file ends without a newline
main.c(17): warning:  #1-D: last line of file ends without a newline
main.c(8): warning:  #177-D: variable "iMainLoopCtr" was declared but never referenced
compiling timer.c...
timer.h(4): warning:  #1-D: last line of file ends without a newline
timer.c(35): warning:  #1-D: last line of file ends without a newline
compiling timer_interrupts.c...
led.h(5): warning:  #1-D: last line of file ends without a newline
timer_interrupts.h(2): warning:  #1-D: last line of file ends without a newline
timer_interrupts.c(52): warning:  #1-D: last line of file ends without a newline
linking...
Program Size: Code=1224 RO-data=32 RW-data=8 ZI-data=1256  
FromELF: creating hex file...
".\PRZERWANIA.axf" - 0 Errors, 14 Warning(s).
Rebuild target 'Target 1'
assembling Startup.s...
compiling keyboard.c...
keyboard.h(4): warning:  #1-D: last line of file ends without a newline
keyboard.c(25): warning:  #1-D: last line of file ends without a newline
compiling led.c...
led.h(5): warning:  #1-D: last line of file ends without a newline
led.c(59): warning:  #1-D: last line of file ends without a newline
compiling main.c...
led.h(5): warning:  #1-D: last line of file ends without a newline
keyboard.h(4): warning:  #1-D: last line of file ends without a newline
timer_interrupts.h(2): warning:  #1-D: last line of file ends without a newline
main.c(17): warning:  #1-D: last line of file ends without a newline
main.c(8): warning:  #177-D: variable "iMainLoopCtr" was declared but never referenced
compiling timer.c...
timer.h(4): warning:  #1-D: last line of file ends without a newline
timer.c(35): warning:  #1-D: last line of file ends without a newline
compiling timer_interrupts.c...
led.h(5): warning:  #1-D: last line of file ends without a newline
timer_interrupts.h(2): warning:  #1-D: last line of file ends without a newline
timer_interrupts.c(52): warning:  #1-D: last line of file ends without a newline
linking...
Program Size: Code=1224 RO-data=32 RW-data=8 ZI-data=1256  
FromELF: creating hex file...
".\PRZERWANIA.axf" - 0 Errors, 14 Warning(s).
